// Jest Snapshot v1, https://goo.gl/fbAQLP

exports[`The App shows no breaking changes. 1`] = `
<main
  className="App"
>
  <div
    className="header"
  >
    <a
      href="/"
      onClick={[Function]}
    >
      NOTEFUL
    </a>
  </div>
  <div
    id="main-section"
  >
    <div
      className="sidebar"
    >
      <div
        className="side-previews"
      />
      <div
        className="button"
        style={
          Object {
            "height": "initial",
          }
        }
      >
        <a
          href="/new-folder"
          id="add-folder"
          onClick={[Function]}
        >
          Add Folder
        </a>
      </div>
    </div>
    <div
      className="note-list"
    >
      <h3 />
      <div
        className="active-folder-options"
        style={
          Object {
            "visibility": "hidden",
          }
        }
      >
        <button
          id="active-edit"
          onClick={[Function]}
        >
          Edit
        </button>
        <button
          id="active-delete"
          onClick={[Function]}
          type="button"
        >
          Delete
        </button>
      </div>
      <a
        href="/choose-folder"
        id="add-note"
        onClick={[Function]}
      >
        Add Note
      </a>
    </div>
  </div>
</main>
`;